Im here at Fri Mar 13 21:29:30 2015
nIm here at Fri Mar 13 21:29:32 2015
nIm here at Fri Mar 13 21:29:34 2015
nIm here at Fri Mar 13 21:29:36 2015
nIm here at Fri Mar 13 21:29:38 2015
nIm here at Fri Mar 13 21:29:40 2015
nIm here at Fri Mar 13 21:29:42 2015
nIm here at Fri Mar 13 21:29:44 2015
nIm here at Fri Mar 13 21:29:46 2015
nIm here at Fri Mar 13 21:29:48 2015
nIm here at Fri Mar 13 21:29:50 2015
nIm here at Fri Mar 13 21:29:52 2015
nIm here at Fri Mar 13 21:29:54 2015
nIm here at Fri Mar 13 21:29:56 2015
nIm here at Fri Mar 13 21:29:58 2015
nIm here at Fri Mar 13 21:30:00 2015
nIm here at Fri Mar 13 21:30:02 2015
nIm here at Fri Mar 13 21:30:04 2015
nIm here at Fri Mar 13 21:30:06 2015
nIm here at Fri Mar 13 21:30:08 2015
nIm here at Fri Mar 13 21:30:10 2015
nIm here at Fri Mar 13 21:30:12 2015
nIm here at Fri Mar 13 21:30:14 2015
nIm here at Fri Mar 13 21:30:16 2015
nIm here at Fri Mar 13 21:30:18 2015
nIm here at Fri Mar 13 21:30:20 2015
nIm here at Fri Mar 13 21:30:22 2015
nIm here at Fri Mar 13 21:30:24 2015
nIm here at Fri Mar 13 21:30:26 2015
nIm here at Fri Mar 13 21:31:22 2015
nIm here at Fri Mar 13 21:31:24 2015
nIm here at Fri Mar 13 21:31:26 2015
nIm here at Fri Mar 13 21:31:28 2015
nIm here at Fri Mar 13 21:31:30 2015
nIm here at Fri Mar 13 21:31:32 2015
nIm here at Fri Mar 13 21:31:34 2015
nIm here at Fri Mar 13 21:31:36 2015
nIm here at Fri Mar 13 21:31:38 2015
nIm here at Fri Mar 13 21:31:40 2015
nIm here at Fri Mar 13 21:31:42 2015
nIm here at Fri Mar 13 21:31:44 2015
nIm here at Fri Mar 13 21:31:46 2015
nIm here at Fri Mar 13 21:31:48 2015
nIm here at Fri Mar 13 21:31:50 2015
nIm here at Fri Mar 13 21:31:52 2015
nIm here at Fri Mar 13 21:31:54 2015
nIm here at Fri Mar 13 21:31:56 2015
nIm here at Fri Mar 13 21:31:58 2015
nIm here at Fri Mar 13 21:32:00 2015
nIm here at Fri Mar 13 21:32:02 2015
nIm here at Fri Mar 13 21:32:04 2015
nIm here at Fri Mar 13 21:32:06 2015
nIm here at Fri Mar 13 21:32:08 2015
nIm here at Fri Mar 13 21:32:10 2015
nIm here at Fri Mar 13 21:32:12 2015
nIm here at Fri Mar 13 21:32:14 2015
nIm here at Fri Mar 13 21:32:16 2015
nIm here at Fri Mar 13 21:32:18 2015
nIm here at Fri Mar 13 21:32:20 2015
nIm here at Fri Mar 13 21:32:22 2015
nIm here at Fri Mar 13 21:32:24 2015
nIm here at Fri Mar 13 21:32:26 2015
nIm here at Fri Mar 13 21:32:28 2015
nIm here at Fri Mar 13 21:32:30 2015
nIm here at Fri Mar 13 21:32:32 2015
nIm here at Fri Mar 13 21:32:34 2015
nIm here at Fri Mar 13 21:32:36 2015
nIm here at Fri Mar 13 21:32:38 2015
nIm here at Fri Mar 13 21:32:40 2015
nIm here at Fri Mar 13 21:32:42 2015
nIm here at Fri Mar 13 21:32:44 2015
nIm here at Fri Mar 13 21:32:46 2015
nIm here at Fri Mar 13 21:32:48 2015
nIm here at Fri Mar 13 21:32:50 2015
nIm here at Fri Mar 13 21:32:52 2015
nIm here at Fri Mar 13 21:32:54 2015
nIm here at Fri Mar 13 21:32:56 2015
nIm here at Fri Mar 13 21:32:58 2015
nIm here at Fri Mar 13 21:33:00 2015
nIm here at Fri Mar 13 21:33:02 2015
nIm here at Fri Mar 13 21:33:04 2015
n